../Core/Src/main.c:115:5:main	128	static
../Core/Src/main.c:255:6:SystemClock_Config	88	static
../Core/Src/main.c:301:13:MX_ADC1_Init	56	static
../Core/Src/main.c:369:13:MX_ADC2_Init	40	static
../Core/Src/main.c:428:13:MX_TIM1_Init	104	static
../Core/Src/main.c:508:13:MX_TIM3_Init	40	static
../Core/Src/main.c:552:13:MX_USART2_UART_Init	8	static
../Core/Src/main.c:600:13:MX_USART3_UART_Init	8	static
../Core/Src/main.c:648:13:MX_GPIO_Init	48	static
../Core/Src/main.c:696:6:HAL_UART_RxCpltCallback	16	static
../Core/Src/main.c:710:6:HAL_TIM_PeriodElapsedCallback	16	static
../Core/Src/main.c:727:6:Error_Handler	4	static,ignoring_inline_asm
