../Core/Src/main.c:114:5:main	128	static
../Core/Src/main.c:276:6:SystemClock_Config	88	static
../Core/Src/main.c:322:13:MX_ADC1_Init	56	static
../Core/Src/main.c:390:13:MX_ADC2_Init	40	static
../Core/Src/main.c:449:13:MX_TIM1_Init	120	static
../Core/Src/main.c:537:13:MX_TIM3_Init	40	static
../Core/Src/main.c:581:13:MX_USART2_UART_Init	8	static
../Core/Src/main.c:629:13:MX_USART3_UART_Init	8	static
../Core/Src/main.c:675:13:MX_DMA_Init	16	static
../Core/Src/main.c:697:13:MX_GPIO_Init	48	static
../Core/Src/main.c:745:6:HAL_UART_RxCpltCallback	16	static
../Core/Src/main.c:759:6:HAL_TIM_PeriodElapsedCallback	16	static
../Core/Src/main.c:776:6:Error_Handler	4	static,ignoring_inline_asm
